^the<det><def><sp>$ ^Aragonese<n><sg>$ ^take# out<vblex><past>$ ^Ramiro<np><ant><m><sg>$ ^of<pr>$ ^a<det><ind><sg>$ ^monastery<n><sg>$ ^and<cnjcoo>$ ^make<vblex><pp>$ ^prpers<prn><obj><p3><m><sg>$ ^king<n><sg>$^.<sent>$
^the<det><def><sp>$ ^local<adj>$ ^republican<n><pl>$ ^protest<vblex><pp>$ ^bitterly<adv>$ ^and<cnjcoo>$^,<cm>$ ^at<pr>$ ^one<num><sg>$ ^point<n><sg>$^,<cm>$ ^prpers<prn><subj><p3><mf><pl>$ ^take# out<vblex><past>$ ^statehood<n><sg>$ ^of<pr>$ ^their<det><pos><sp>$ ^platform<n><sg>$^.<sent>$
^in<pr>$ ^the<det><def><sp>$ ^summer<n><sg>$ ^of<pr>$ ^1928<num>$ ^prpers<prn><subj><p3><m><sg>$ ^take# out<vblex><past>$ ^Merton<np><cog><mf><sg>$ ^of<pr>$ ^the<det><def><sp>$ ^*Lycée$ ^*Ingres$^,<cm>$ ^inform<vblex><ger>$ ^prpers<prn><obj><p3><m><sg>$ ^that<prn><tn><mf><sg>$ ^prpers<prn><subj><p3><mf><pl>$ ^be<vbser><past>$ ^head<vblex><pp>$ ^together<adj>$ ^to<pr>$ ^England<np><loc><sg>$^.<sent>$^.<sent>$
^after<adv>$ ^filming<n><sg>$ ^*Darkman$^,<cm>$ ^prpers<prn><subj><p3><mf><pl>$ ^take# out<vblex><past>$ ^the<det><def><sp>$ ^script<n><sg>$ ^and<cnjcoo>$ ^work<vblex><pp>$ ^on<adv>$ ^prpers<prn><subj><p3><nt><sg>$ ^in more detail<adv>$^.<sent>$^.<sent>$
^when<cnjadv>$ ^June<n><sg>$ ^arrive<vblex><pp>$^,<cm>$ ^and<cnjcoo>$ ^the<det><def><sp>$ ^ice<n><sg>$ ^have<vblex><past>$ ^still<adj><sint>$ ^not<adv>$ ^*loosened$ ^its<det><pos><sp>$ ^grip<n><sg>$ ^on<pr>$ ^the<det><def><sp>$ ^ship<n><sg>$^,<cm>$ ^the<det><def><sp>$ ^*scurvy$^-<guio>$^ride<vblex><pp>$ ^survivor<n><pl>$ ^take# out<vblex><past>$ ^two<num><sp>$ ^small<adj><sint>$ ^boat<n><pl>$ ^into<pr>$ ^the<det><def><sp>$ ^sea<n><sg>$ ^on<adv>$ ^13<num>$ ^June<n><sg>$^.<sent>$^.<sent>$
^during<pr>$ ^the<det><def><sp>$ ^summer<n><sg>$ ^term<n><sg>$ ^prpers<prn><subj><p3><m><sg>$ ^take# out<vblex><past>$ ^his<det><pos><sp>$ ^bed<n><sg>$ ^to<pr>$ ^the<det><def><sp>$ ^lawn<n><sg>$^.<sent>$
^the<det><def><sp>$ ^second<n><sg>$ ^day<n><sg>$ ^be<vbser><past><p3><sg>$ ^all<prn><tn><mf><sp>$ ^England<np><loc><sg>$ ^be<vbser><pri><p3><sg>$^,<cm>$ ^as a<pr>$ ^solid<adj><sint>$ ^performance<n><sg>$ ^take<vblex><past>$ ^the<det><def><sp>$ ^score<n><sg>$ ^to<pr>$ ^261<num>$ ^all<prn><tn><mf><sp>$ ^out<adv>$ ^at<pr>$ ^the<det><def><sp>$ ^close<adj><sint>$^,<cm>$ ^a<det><ind><sg>$ ^lead<n><sg>$ ^of<pr>$ ^139<num>$^.<sent>$
